neethu@LAPTOP-B2SMMHSA:~$ pwd
/home/neethu
neethu@LAPTOP-B2SMMHSA:~$ ls
neethu@LAPTOP-B2SMMHSA:~$ mkdir exp1
neethu@LAPTOP-B2SMMHSA:~$ cd exp1
neethu@LAPTOP-B2SMMHSA:~/exp1$ cd
neethu@LAPTOP-B2SMMHSA:~$ cd /
neethu@LAPTOP-B2SMMHSA:/$ ls
bin   dev  home  lib    lib64   lost+found  mnt  proc  run   snap  sys  usr
boot  etc  init  lib32  libx32  media       opt  root  sbin  srv   tmp  var
neethu@LAPTOP-B2SMMHSA:/$ cd usr
neethu@LAPTOP-B2SMMHSA:/usr$ ls
bin  config  games  include  lib  lib32  lib64  libexec  libx32  local  sbin  share  src
neethu@LAPTOP-B2SMMHSA:/usr$ cd
neethu@LAPTOP-B2SMMHSA:~$ mkdir -p parent/child
neethu@LAPTOP-B2SMMHSA:~$ ls
exp1  parent
neethu@LAPTOP-B2SMMHSA:~$ cd parent
neethu@LAPTOP-B2SMMHSA:~/parent$ ls
child
neethu@LAPTOP-B2SMMHSA:~/parent$ cd ..
neethu@LAPTOP-B2SMMHSA:~$ cd exp1
neethu@LAPTOP-B2SMMHSA:~/exp1$ echo "Hello welcome to session" > mytext.txt
neethu@LAPTOP-B2SMMHSA:~/exp1$ cat mytext.txt
Hello welcome to session
neethu@LAPTOP-B2SMMHSA:~/exp1$ cat my*
Hello welcome to session
neethu@LAPTOP-B2SMMHSA:~/exp1$ echo "Hello welcome to linux session" >mynewtext.txt
neethu@LAPTOP-B2SMMHSA:~/exp1$ cat my*
Hello welcome to linux session
Hello welcome to session
neethu@LAPTOP-B2SMMHSA:~/exp1$ cat mytext.txt mynewtext.txt
Hello welcome to session
Hello welcome to linux session
neethu@LAPTOP-B2SMMHSA:~/exp1$ cat my* > mix.txt
neethu@LAPTOP-B2SMMHSA:~/exp1$ cat mix.txt
Hello welcome to linux session
Hello welcome to session
neethu@LAPTOP-B2SMMHSA:~/exp1$ echo "Adding new text" >> mix.txt
neethu@LAPTOP-B2SMMHSA:~/exp1$ cat mix.txt
Hello welcome to linux session
Hello welcome to session
Adding new text
neethu@LAPTOP-B2SMMHSA:~/exp1$ less mix.txt
neethu@LAPTOP-B2SMMHSA:~/exp1$ ls
mix.txt  mynewtext.txt  mytext.txt
neethu@LAPTOP-B2SMMHSA:~/exp1$ mv mix.txt /home/neethu ..
mv: cannot move '/home/neethu' to a subdirectory of itself, '../neethu'
neethu@LAPTOP-B2SMMHSA:~/exp1$ cd
neethu@LAPTOP-B2SMMHSA:~$ ls
exp1  mix.txt  parent
neethu@LAPTOP-B2SMMHSA:~$ mv mix.txt exp1 ..
mv: cannot move 'mix.txt' to '../mix.txt': Permission denied
mv: cannot move 'exp1' to '../exp1': Permission denied
neethu@LAPTOP-B2SMMHSA:~$ cd exp1
neethu@LAPTOP-B2SMMHSA:~/exp1$ ls
mynewtext.txt  mytext.txt
neethu@LAPTOP-B2SMMHSA:~/exp1$ cd
neethu@LAPTOP-B2SMMHSA:~$ mv mix.txt /home/neethu/exp1
neethu@LAPTOP-B2SMMHSA:~$ ls
exp1  parent
neethu@LAPTOP-B2SMMHSA:~$ cd exp1
neethu@LAPTOP-B2SMMHSA:~/exp1$ cd
neethu@LAPTOP-B2SMMHSA:~$ cd exp1
neethu@LAPTOP-B2SMMHSA:~/exp1$ ls
mix.txt  mynewtext.txt  mytext.txt
neethu@LAPTOP-B2SMMHSA:~/exp1$ cp mytext.txt /home/neethu
neethu@LAPTOP-B2SMMHSA:~/exp1$ cd
neethu@LAPTOP-B2SMMHSA:~$ ls
exp1  mytext.txt  parent
neethu@LAPTOP-B2SMMHSA:~$ whoami
neethu
neethu@LAPTOP-B2SMMHSA:~$ who
neethu@LAPTOP-B2SMMHSA:~$ w
 10:16:04 up 57 min,  0 users,  load average: 0.25, 0.21, 0.18
USER     TTY      FROM             LOGIN@   IDLE   JCPU   PCPU WHAT
neethu@LAPTOP-B2SMMHSA:~$ id
uid=1000(neethu) gid=1000(neethu) groups=1000(neethu),4(adm),20(dialout),24(cdrom),25(floppy),27(sudo),29(audio),30(dip),44(video),46(plugdev),117(netdev),1001(docker)
neethu@LAPTOP-B2SMMHSA:~$ passwd
Changing password for neethu.
Current password:
New password:
Retype new password:
Bad: new password is too simple
New password:
Retype new password:
passwd: password updated successfully
neethu@LAPTOP-B2SMMHSA:~$ passwd
Changing password for neethu.
Current password:
New password:
Retype new password:
passwd: password updated successfully
neethu@LAPTOP-B2SMMHSA:~$ man man
neethu@LAPTOP-B2SMMHSA:~$ cd /
neethu@LAPTOP-B2SMMHSA:/$ cat /etc/passwd
root:x:0:0:root:/root:/bin/bash
daemon:x:1:1:daemon:/usr/sbin:/usr/sbin/nologin
bin:x:2:2:bin:/bin:/usr/sbin/nologin
sys:x:3:3:sys:/dev:/usr/sbin/nologin
sync:x:4:65534:sync:/bin:/bin/sync
games:x:5:60:games:/usr/games:/usr/sbin/nologin
man:x:6:12:man:/var/cache/man:/usr/sbin/nologin
lp:x:7:7:lp:/var/spool/lpd:/usr/sbin/nologin
mail:x:8:8:mail:/var/mail:/usr/sbin/nologin
news:x:9:9:news:/var/spool/news:/usr/sbin/nologin
uucp:x:10:10:uucp:/var/spool/uucp:/usr/sbin/nologin
proxy:x:13:13:proxy:/bin:/usr/sbin/nologin
www-data:x:33:33:www-data:/var/www:/usr/sbin/nologin
backup:x:34:34:backup:/var/backups:/usr/sbin/nologin
list:x:38:38:Mailing List Manager:/var/list:/usr/sbin/nologin
irc:x:39:39:ircd:/var/run/ircd:/usr/sbin/nologin
gnats:x:41:41:Gnats Bug-Reporting System (admin):/var/lib/gnats:/usr/sbin/nologin
nobody:x:65534:65534:nobody:/nonexistent:/usr/sbin/nologin
systemd-network:x:100:102:systemd Network Management,,,:/run/systemd:/usr/sbin/nologin
systemd-resolve:x:101:103:systemd Resolver,,,:/run/systemd:/usr/sbin/nologin
systemd-timesync:x:102:104:systemd Time Synchronization,,,:/run/systemd:/usr/sbin/nologin
messagebus:x:103:106::/nonexistent:/usr/sbin/nologin
syslog:x:104:110::/home/syslog:/usr/sbin/nologin
_apt:x:105:65534::/nonexistent:/usr/sbin/nologin
tss:x:106:111:TPM software stack,,,:/var/lib/tpm:/bin/false
uuidd:x:107:112::/run/uuidd:/usr/sbin/nologin
tcpdump:x:108:113::/nonexistent:/usr/sbin/nologin
sshd:x:109:65534::/run/sshd:/usr/sbin/nologin
landscape:x:110:115::/var/lib/landscape:/usr/sbin/nologin
pollinate:x:111:1::/var/cache/pollinate:/bin/false
neethu:x:1000:1000:,,,:/home/neethu:/bin/bash
neethu@LAPTOP-B2SMMHSA:/$ cd
neethu@LAPTOP-B2SMMHSA:~$ sudo adduser neha
[sudo] password for neethu:
Adding user `neha' ...
Adding new group `neha' (1002) ...
Adding new user `neha' (1001) with group `neha' ...
Creating home directory `/home/neha' ...
Copying files from `/etc/skel' ...
New password:
Retype new password:
passwd: password updated successfully
Changing the user information for neha
Enter the new value, or press ENTER for the default
        Full Name []:
        Room Number []:
        Work Phone []:
        Home Phone []:
        Other []:
Is the information correct? [Y/n] y
neethu@LAPTOP-B2SMMHSA:~$ su neha
Password:
neha@LAPTOP-B2SMMHSA:/home/neethu$ cd
neha@LAPTOP-B2SMMHSA:~$ su neethu
Password:
neethu@LAPTOP-B2SMMHSA:/home/neha$ cd
neethu@LAPTOP-B2SMMHSA:~$ cat /etc/group
root:x:0:
daemon:x:1:
bin:x:2:
sys:x:3:
adm:x:4:syslog,neethu
tty:x:5:syslog
disk:x:6:
lp:x:7:
mail:x:8:
news:x:9:
uucp:x:10:
man:x:12:
proxy:x:13:
kmem:x:15:
dialout:x:20:neethu
fax:x:21:
voice:x:22:
cdrom:x:24:neethu
floppy:x:25:neethu
tape:x:26:
sudo:x:27:neethu
audio:x:29:neethu
dip:x:30:neethu
www-data:x:33:
backup:x:34:
operator:x:37:
list:x:38:
irc:x:39:
src:x:40:
gnats:x:41:
shadow:x:42:
utmp:x:43:
video:x:44:neethu
sasl:x:45:
plugdev:x:46:neethu
staff:x:50:
games:x:60:
users:x:100:
nogroup:x:65534:
systemd-journal:x:101:
systemd-network:x:102:
systemd-resolve:x:103:
systemd-timesync:x:104:
crontab:x:105:
messagebus:x:106:
input:x:107:
kvm:x:108:
render:x:109:
syslog:x:110:
tss:x:111:
uuidd:x:112:
tcpdump:x:113:
ssh:x:114:
landscape:x:115:
admin:x:116:
netdev:x:117:neethu
lxd:x:118:
neethu:x:1000:
docker:x:1001:neethu
neha:x:1002:
neethu@LAPTOP-B2SMMHSA:~$ groups
neethu adm dialout cdrom floppy sudo audio dip video plugdev netdev docker
neethu@LAPTOP-B2SMMHSA:~$ sudo groupadd newgroup
neethu@LAPTOP-B2SMMHSA:~$ sudo usermod -aG sudo neha
neethu@LAPTOP-B2SMMHSA:~$ groups neha
neha : neha sudo
neethu@LAPTOP-B2SMMHSA:~$ ls -il
total 12
100776 drwxr-xr-x 2 neethu neethu 4096 Jan 20 10:14 exp1
100784 -rw-r--r-- 1 neethu neethu   25 Jan 20 10:15 mytext.txt
100779 drwxr-xr-x 3 neethu neethu 4096 Jan 20 10:07 parent
neethu@LAPTOP-B2SMMHSA:~$ file mytext.txt
mytext.txt: ASCII text
neethu@LAPTOP-B2SMMHSA:~$ ls -a
.   .ansible  .azure         .bash_logout  .docker  .landscape   .profile         .sudo_as_admin_successful  mytext.txt
..  .aws      .bash_history  .bashrc       .kube    .motd_shown  .python_history  exp1                       parent
neethu@LAPTOP-B2SMMHSA:~$ ls -l
total 12
drwxr-xr-x 2 neethu neethu 4096 Jan 20 10:14 exp1
-rw-r--r-- 1 neethu neethu   25 Jan 20 10:15 mytext.txt
drwxr-xr-x 3 neethu neethu 4096 Jan 20 10:07 parent
neethu@LAPTOP-B2SMMHSA:~$ chmod o-w mytext.txt
neethu@LAPTOP-B2SMMHSA:~$ ls -lh mytext.txt
-rw-r--r-- 1 neethu neethu 25 Jan 20 10:15 mytext.txt
neethu@LAPTOP-B2SMMHSA:~$ chmod u-w mytext.txt
neethu@LAPTOP-B2SMMHSA:~$ ls -lh mytext.txt
-r--r--r-- 1 neethu neethu 25 Jan 20 10:15 mytext.txt
neethu@LAPTOP-B2SMMHSA:~$ chmod u+w mytext.txt
neethu@LAPTOP-B2SMMHSA:~$ ls -lh mytext.txt
-rw-r--r-- 1 neethu neethu 25 Jan 20 10:15 mytext.txt
neethu@LAPTOP-B2SMMHSA:~$ ls -alh | grep exp1
drwxr-xr-x 2 neethu neethu 4.0K Jan 20 10:14 exp1
neethu@LAPTOP-B2SMMHSA:~$ cd exp1
neethu@LAPTOP-B2SMMHSA:~/exp1$ touch myemptfile
neethu@LAPTOP-B2SMMHSA:~/exp1$ ls
mix.txt  myemptfile  mynewtext.txt  mytext.txt
neethu@LAPTOP-B2SMMHSA:~/exp1$ nano mytext.txt
neethu@LAPTOP-B2SMMHSA:~/exp1$ rm --mytext.txt
rm: unrecognized option '--mytext.txt'
Try 'rm --help' for more information.
neethu@LAPTOP-B2SMMHSA:~/exp1$ rm --help
Usage: rm [OPTION]... [FILE]...
Remove (unlink) the FILE(s).

  -f, --force           ignore nonexistent files and arguments, never prompt
  -i                    prompt before every removal
  -I                    prompt once before removing more than three files, or
                          when removing recursively; less intrusive than -i,
                          while still giving protection against most mistakes
      --interactive[=WHEN]  prompt according to WHEN: never, once (-I), or
                          always (-i); without WHEN, prompt always
      --one-file-system  when removing a hierarchy recursively, skip any
                          directory that is on a file system different from
                          that of the corresponding command line argument
      --no-preserve-root  do not treat '/' specially
      --preserve-root[=all]  do not remove '/' (default);
                              with 'all', reject any command line argument
                              on a separate device from its parent
  -r, -R, --recursive   remove directories and their contents recursively
  -d, --dir             remove empty directories
  -v, --verbose         explain what is being done
      --help     display this help and exit
      --version  output version information and exit

By default, rm does not remove directories.  Use the --recursive (-r or -R)
option to remove each listed directory, too, along with all of its contents.

To remove a file whose name starts with a '-', for example '-foo',
use one of these commands:
  rm -- -foo

  rm ./-foo

Note that if you use rm to remove a file, it might be possible to recover
some of its contents, given sufficient expertise and/or time.  For greater
assurance that the contents are truly unrecoverable, consider using shred.

GNU coreutils online help: <https://www.gnu.org/software/coreutils/>
Report rm translation bugs to <https://translationproject.org/team/>
Full documentation at: <https://www.gnu.org/software/coreutils/rm>
or available locally via: info '(coreutils) rm invocation'
neethu@LAPTOP-B2SMMHSA:~/exp1$ rm mytext.txt
neethu@LAPTOP-B2SMMHSA:~/exp1$ ls
mix.txt  myemptfile  mynewtext.txt
neethu@LAPTOP-B2SMMHSA:~/exp1$ cd
neethu@LAPTOP-B2SMMHSA:~$ find . -name *.txt
./mytext.txt
neethu@LAPTOP-B2SMMHSA:~$ find . -name *.*
./mytext.txt
neethu@LAPTOP-B2SMMHSA:~$ find . -type d -name "e*"
./exp1
neethu@LAPTOP-B2SMMHSA:~$ ls
exp1  mytext.txt  parent
neethu@LAPTOP-B2SMMHSA:~$ find . -name mytext.txt -delete
neethu@LAPTOP-B2SMMHSA:~$ ls
exp1  parent
neethu@LAPTOP-B2SMMHSA:~$ free
              total        used        free      shared  buff/cache   available
Mem:        3683192     1512220       90312      378396     2080660     1631328
Swap:       1048576           0     1048576
neethu@LAPTOP-B2SMMHSA:~$ uptime
 10:37:31 up  1:18,  0 users,  load average: 0.07, 0.17, 0.17


neethu@LAPTOP-B2SMMHSA:~$ python3
Python 3.8.10 (default, Jun  2 2021, 10:49:15)
[GCC 9.4.0] on linux
Type "help", "copyright", "credits" or "license" for more information.
>>> "hello"
'hello'
>>> name='neethu'
>>> no=123
>>> print("name is "+name+" and num is "+str(no))
name is neethu and num is 123
>>> no=11
>>> if(no<10):
...  print('single digit ')
... else:
...  print('multi digit;)
  File "<stdin>", line 4
    print('multi digit;)
                       ^
SyntaxError: EOL while scanning string literal
>>>
>>>  no=11
  File "<stdin>", line 1
    no=11
    ^
IndentationError: unexpected indent
>>> no=11
>>> if(no<10):
...  print('single digit ')
... else:
...  print('multi digit')
...
multi digit
>>> frds=['neha','revathi','rachana']
>>> frds[2]
'rachana'
>>> for i in frds:
...  print(i)
...
neha
revathi
rachana
>>> def cal(no):
...  if(no>100):
...   print(no**2)
...  else:
...   print(no*2)
...
>>> cal(90)
180
>>> cal(101)
10201
>>> class product:
...  def setprdt(self,name,price):
...   self.name=name
...   self.price=price
...  def getprdt(self):
...   print(self.name,self.price)
...
>>> prd=product()
>>> prd.setprdt('cake',400)
>>> prd.getprdt()
cake 400
>>> f=open('//home//neethu//exp1//mix.txt')
>>> print(f)
<_io.TextIOWrapper name='//home//neethu//exp1//mix.txt' mode='r' encoding='UTF-8'>
>>> from math import*
>>> a=pi
>>> print(a)
3.141592653589793
>>> print(sqrt(64))
8.0
>>> exit()


neethu@LAPTOP-B2SMMHSA:~$ pmap

Usage:
 pmap [options] PID [PID ...]

Options:
 -x, --extended              show details
 -X                          show even more details
            WARNING: format changes according to /proc/PID/smaps
 -XX                         show everything the kernel provides
 -c, --read-rc               read the default rc
 -C, --read-rc-from=<file>   read the rc from file
 -n, --create-rc             create new default rc
 -N, --create-rc-to=<file>   create new rc to file
            NOTE: pid arguments are not allowed with -n, -N
 -d, --device                show the device format
 -q, --quiet                 do not display header and footer
 -p, --show-path             show path in the mapping
 -A, --range=<low>[,<high>]  limit results to the given range

 -h, --help     display this help and exit
 -V, --version  output version information and exit

For more details see pmap(1).
neethu@LAPTOP-B2SMMHSA:~$ top
top - 10:51:40 up  1:33,  0 users,  load average: 0.15, 0.14, 0.14
Tasks:  14 total,   1 running,  13 sleeping,   0 stopped,   0 zombie
%Cpu(s):  0.6 us,  0.1 sy,  0.0 ni, 99.2 id,  0.0 wa,  0.0 hi,  0.1 si,  0.0 st
MiB Mem :   3596.9 total,    104.7 free,   1477.0 used,   2015.2 buff/cache
MiB Swap:   1024.0 total,   1024.0 free,      0.0 used.   1594.3 avail Mem

  PID USER      PR  NI    VIRT    RES    SHR S  %CPU  %MEM     TIME+ COMMAND
  399 neethu    20   0   10876   3640   3128 R   0.0   0.1   0:00.06 top


neethu@LAPTOP-B2SMMHSA:~$ htop
neethu@LAPTOP-B2SMMHSA:~$ last

wtmp begins Sat Jan 15 19:56:52 2022
neethu@LAPTOP-B2SMMHSA:~$ ps
  PID TTY          TIME CMD
  191 pts/2    00:00:00 bash
  344 pts/2    00:00:00 bash
  402 pts/2    00:00:00 ps
neethu@LAPTOP-B2SMMHSA:~$ info
neethu@LAPTOP-B2SMMHSA:~$ env
SHELL=/bin/bash
WSL_DISTRO_NAME=Ubuntu-20.04
NAME=LAPTOP-B2SMMHSA
PWD=/home/neethu
LOGNAME=neethu
MOTD_SHOWN=update-motd
HOME=/home/neethu
LANG=C.UTF-8
WSL_INTEROP=/run/WSL/190_interop
LS_COLORS=rs=0:di=01;34:ln=01;36:mh=00:pi=40;33:so=01;35:do=01;35:bd=40;33;01:cd=40;33;01:or=40;31;01:mi=00:su=37;41:sg=30;43:ca=30;41:tw=30;42:ow=34;42:st=37;44:ex=01;32:*.tar=01;31:*.tgz=01;31:*.arc=01;31:*.arj=01;31:*.taz=01;31:*.lha=01;31:*.lz4=01;31:*.lzh=01;31:*.lzma=01;31:*.tlz=01;31:*.txz=01;31:*.tzo=01;31:*.t7z=01;31:*.zip=01;31:*.z=01;31:*.dz=01;31:*.gz=01;31:*.lrz=01;31:*.lz=01;31:*.lzo=01;31:*.xz=01;31:*.zst=01;31:*.tzst=01;31:*.bz2=01;31:*.bz=01;31:*.tbz=01;31:*.tbz2=01;31:*.tz=01;31:*.deb=01;31:*.rpm=01;31:*.jar=01;31:*.war=01;31:*.ear=01;31:*.sar=01;31:*.rar=01;31:*.alz=01;31:*.ace=01;31:*.zoo=01;31:*.cpio=01;31:*.7z=01;31:*.rz=01;31:*.cab=01;31:*.wim=01;31:*.swm=01;31:*.dwm=01;31:*.esd=01;31:*.jpg=01;35:*.jpeg=01;35:*.mjpg=01;35:*.mjpeg=01;35:*.gif=01;35:*.bmp=01;35:*.pbm=01;35:*.pgm=01;35:*.ppm=01;35:*.tga=01;35:*.xbm=01;35:*.xpm=01;35:*.tif=01;35:*.tiff=01;35:*.png=01;35:*.svg=01;35:*.svgz=01;35:*.mng=01;35:*.pcx=01;35:*.mov=01;35:*.mpg=01;35:*.mpeg=01;35:*.m2v=01;35:*.mkv=01;35:*.webm=01;35:*.ogm=01;35:*.mp4=01;35:*.m4v=01;35:*.mp4v=01;35:*.vob=01;35:*.qt=01;35:*.nuv=01;35:*.wmv=01;35:*.asf=01;35:*.rm=01;35:*.rmvb=01;35:*.flc=01;35:*.avi=01;35:*.fli=01;35:*.flv=01;35:*.gl=01;35:*.dl=01;35:*.xcf=01;35:*.xwd=01;35:*.yuv=01;35:*.cgm=01;35:*.emf=01;35:*.ogv=01;35:*.ogx=01;35:*.aac=00;36:*.au=00;36:*.flac=00;36:*.m4a=00;36:*.mid=00;36:*.midi=00;36:*.mka=00;36:*.mp3=00;36:*.mpc=00;36:*.ogg=00;36:*.ra=00;36:*.wav=00;36:*.oga=00;36:*.opus=00;36:*.spx=00;36:*.xspf=00;36:
LESSCLOSE=/usr/bin/lesspipe %s %s
TERM=xterm-256color
LESSOPEN=| /usr/bin/lesspipe %s
USER=neethu
SHLVL=3
WSLENV=
XDG_DATA_DIRS=/usr/local/share:/usr/share:/var/lib/snapd/desktop
PATH=/usr/local/sbin:/usr/local/bin:/usr/sbin:/usr/bin:/sbin:/bin:/usr/games:/usr/local/games:/snap/bin
MAIL=/var/mail/neethu
HOSTTYPE=x86_64
OLDPWD=/home/neethu/exp1
_=/usr/bin/env
neethu@LAPTOP-B2SMMHSA:~$ df -ah
Filesystem      Size  Used Avail Use% Mounted on
/dev/sdd        251G  1.9G  237G   1% /
none            1.8G  365M  1.5G  21% /mnt/wsl
/dev/sdc        251G  4.0G  235G   2% /mnt/wsl/docker-desktop-data/isocache
tools           308G   71G  237G  23% /init
none            1.8G     0  1.8G   0% /dev
sysfs              0     0     0    - /sys
proc               0     0     0    - /proc
devpts             0     0     0    - /dev/pts
none            1.8G  8.0K  1.8G   1% /run
none            1.8G     0  1.8G   0% /run/lock
none            1.8G     0  1.8G   0% /run/shm
none            1.8G     0  1.8G   0% /run/user
binfmt_misc        0     0     0    - /proc/sys/fs/binfmt_misc
tmpfs           1.8G     0  1.8G   0% /sys/fs/cgroup
cgroup2            0     0     0    - /sys/fs/cgroup/unified
cgroup             0     0     0    - /sys/fs/cgroup/cpuset
cgroup             0     0     0    - /sys/fs/cgroup/cpu
cgroup             0     0     0    - /sys/fs/cgroup/cpuacct
cgroup             0     0     0    - /sys/fs/cgroup/blkio
cgroup             0     0     0    - /sys/fs/cgroup/memory
cgroup             0     0     0    - /sys/fs/cgroup/devices
cgroup             0     0     0    - /sys/fs/cgroup/freezer
cgroup             0     0     0    - /sys/fs/cgroup/net_cls
cgroup             0     0     0    - /sys/fs/cgroup/perf_event
cgroup             0     0     0    - /sys/fs/cgroup/net_prio
cgroup             0     0     0    - /sys/fs/cgroup/hugetlb
cgroup             0     0     0    - /sys/fs/cgroup/pids
cgroup             0     0     0    - /sys/fs/cgroup/rdma
drivers         308G   71G  237G  23% /usr/lib/wsl/drivers
lib             308G   71G  237G  23% /usr/lib/wsl/lib
none            1.8G   12K  1.8G   1% /mnt/wsl/docker-desktop/shared-sockets/guest-services
none            1.8G   12K  1.8G   1% /mnt/wsl/docker-desktop/shared-sockets/host-services
/dev/sdb        251G  123M  239G   1% /mnt/wsl/docker-desktop/docker-desktop-proxy
drvfs           308G   71G  237G  23% /mnt/c
/dev/loop0      334M  334M     0 100% /mnt/wsl/docker-desktop/cli-tools
drvfs           170G   99M  169G   1% /mnt/d
tmpfs              -     -     -    - /mnt/wsl/docker-desktop-data/tarcache/entries/docker.tar/c7f0f4569544bb56d270652b60b0e8255cf8d375fc1fec7b4f3e8f7749bdb511/containers/services/docker/tmp
overlay            -     -     -    - /mnt/wsl/docker-desktop-data/tarcache/entries/docker.tar/c7f0f4569544bb56d270652b60b0e8255cf8d375fc1fec7b4f3e8f7749bdb511/containers/services/docker/rootfs
neethu@LAPTOP-B2SMMHSA:~$ ansible -m ping --ask-all
usage: ansible [-h] [--version] [-v] [-b] [--become-method BECOME_METHOD] [--become-user BECOME_USER]
               [-K | --become-password-file BECOME_PASSWORD_FILE] [-i INVENTORY] [--list-hosts] [-l SUBSET]
               [-P POLL_INTERVAL] [-B SECONDS] [-o] [-t TREE] [--private-key PRIVATE_KEY_FILE] [-u REMOTE_USER]
               [-c CONNECTION] [-T TIMEOUT] [--ssh-common-args SSH_COMMON_ARGS] [--sftp-extra-args SFTP_EXTRA_ARGS]
               [--scp-extra-args SCP_EXTRA_ARGS] [--ssh-extra-args SSH_EXTRA_ARGS]
               [-k | --connection-password-file CONNECTION_PASSWORD_FILE] [-C] [--syntax-check] [-D] [-e EXTRA_VARS]
               [--vault-id VAULT_IDS] [--ask-vault-password | --vault-password-file VAULT_PASSWORD_FILES] [-f FORKS]
               [-M MODULE_PATH] [--playbook-dir BASEDIR] [--task-timeout TASK_TIMEOUT] [-a MODULE_ARGS]
               [-m MODULE_NAME]
               pattern
ansible: error: the following arguments are required: pattern

usage: ansible [-h] [--version] [-v] [-b] [--become-method BECOME_METHOD] [--become-user BECOME_USER]
               [-K | --become-password-file BECOME_PASSWORD_FILE] [-i INVENTORY] [--list-hosts] [-l SUBSET]
               [-P POLL_INTERVAL] [-B SECONDS] [-o] [-t TREE] [--private-key PRIVATE_KEY_FILE] [-u REMOTE_USER]
               [-c CONNECTION] [-T TIMEOUT] [--ssh-common-args SSH_COMMON_ARGS] [--sftp-extra-args SFTP_EXTRA_ARGS]
               [--scp-extra-args SCP_EXTRA_ARGS] [--ssh-extra-args SSH_EXTRA_ARGS]
               [-k | --connection-password-file CONNECTION_PASSWORD_FILE] [-C] [--syntax-check] [-D] [-e EXTRA_VARS]
               [--vault-id VAULT_IDS] [--ask-vault-password | --vault-password-file VAULT_PASSWORD_FILES] [-f FORKS]
               [-M MODULE_PATH] [--playbook-dir BASEDIR] [--task-timeout TASK_TIMEOUT] [-a MODULE_ARGS]
               [-m MODULE_NAME]
               pattern

Define and run a single task 'playbook' against a set of hosts

positional arguments:
  pattern               host pattern

optional arguments:
  --ask-vault-password, --ask-vault-pass
                        ask for vault password
  --become-password-file BECOME_PASSWORD_FILE, --become-pass-file BECOME_PASSWORD_FILE
                        Become password file
  --connection-password-file CONNECTION_PASSWORD_FILE, --conn-pass-file CONNECTION_PASSWORD_FILE
                        Connection password file
  --list-hosts          outputs a list of matching hosts; does not execute anything else
  --playbook-dir BASEDIR
                        Since this tool does not use playbooks, use this as a substitute playbook directory.This sets
                        the relative path for many features including roles/ group_vars/ etc.
  --syntax-check        perform a syntax check on the playbook, but do not execute it
  --task-timeout TASK_TIMEOUT
                        set task timeout limit in seconds, must be positive integer.
  --vault-id VAULT_IDS  the vault identity to use
  --vault-password-file VAULT_PASSWORD_FILES, --vault-pass-file VAULT_PASSWORD_FILES
                        vault password file
  --version             show program's version number, config file location, configured module search path, module
                        location, executable location and exit
  -B SECONDS, --background SECONDS
                        run asynchronously, failing after X seconds (default=N/A)
  -C, --check           don't make any changes; instead, try to predict some of the changes that may occur
  -D, --diff            when changing (small) files and templates, show the differences in those files; works great
                        with --check
  -K, --ask-become-pass
                        ask for privilege escalation password
  -M MODULE_PATH, --module-path MODULE_PATH
                        prepend colon-separated path(s) to module library
                        (default=~/.ansible/plugins/modules:/usr/share/ansible/plugins/modules)
  -P POLL_INTERVAL, --poll POLL_INTERVAL
                        set the poll interval if using -B (default=15)
  -a MODULE_ARGS, --args MODULE_ARGS
                        The action's options in space separated k=v format: -a 'opt1=val1 opt2=val2'
  -e EXTRA_VARS, --extra-vars EXTRA_VARS
                        set additional variables as key=value or YAML/JSON, if filename prepend with @
  -f FORKS, --forks FORKS
                        specify number of parallel processes to use (default=5)
  -h, --help            show this help message and exit
  -i INVENTORY, --inventory INVENTORY, --inventory-file INVENTORY
                        specify inventory host path or comma separated host list. --inventory-file is deprecated
  -k, --ask-pass        ask for connection password
  -l SUBSET, --limit SUBSET
                        further limit selected hosts to an additional pattern
  -m MODULE_NAME, --module-name MODULE_NAME
                        Name of the action to execute (default=command)
  -o, --one-line        condense output
  -t TREE, --tree TREE  log output to this directory
  -v, --verbose         verbose mode (-vvv for more, -vvvv to enable connection debugging)

Privilege Escalation Options:
  control how and which user you become as on target hosts

  --become-method BECOME_METHOD
                        privilege escalation method to use (default=sudo), use `ansible-doc -t become -l` to list
                        valid choices.
  --become-user BECOME_USER
                        run operations as this user (default=root)
  -b, --become          run operations with become (does not imply password prompting)

Connection Options:
  control as whom and how to connect to hosts

  --private-key PRIVATE_KEY_FILE, --key-file PRIVATE_KEY_FILE
                        use this file to authenticate the connection
  --scp-extra-args SCP_EXTRA_ARGS
                        specify extra arguments to pass to scp only (e.g. -l)
  --sftp-extra-args SFTP_EXTRA_ARGS
                        specify extra arguments to pass to sftp only (e.g. -f, -l)
  --ssh-common-args SSH_COMMON_ARGS
                        specify common arguments to pass to sftp/scp/ssh (e.g. ProxyCommand)
  --ssh-extra-args SSH_EXTRA_ARGS
                        specify extra arguments to pass to ssh only (e.g. -R)
  -T TIMEOUT, --timeout TIMEOUT
                        override the connection timeout in seconds (default=10)
  -c CONNECTION, --connection CONNECTION
                        connection type to use (default=smart)
  -u REMOTE_USER, --user REMOTE_USER
                        connect as this user (default=None)

Some actions do not make sense in Ad-Hoc (include, meta, etc)


neethu@LAPTOP-B2SMMHSA:~$ bash --version
GNU bash, version 5.0.17(1)-release (x86_64-pc-linux-gnu)
Copyright (C) 2019 Free Software Foundation, Inc.
License GPLv3+: GNU GPL version 3 or later <http://gnu.org/licenses/gpl.html>

This is free software; you are free to change and redistribute it.
There is NO WARRANTY, to the extent permitted by law.
neethu@LAPTOP-B2SMMHSA:~$ mkdir bashscript
neethu@LAPTOP-B2SMMHSA:~$ cd bashscript
neethu@LAPTOP-B2SMMHSA:~/bashscript$ nano welcome.txt
neethu@LAPTOP-B2SMMHSA:~/bashscript$ chmod 776 welcome.txt
neethu@LAPTOP-B2SMMHSA:~/bashscript$ ./welcome.txt
welcome to shell scripting
neethu 123
neethu@LAPTOP-B2SMMHSA:~/bashscript$ nano welcome.txt
neethu@LAPTOP-B2SMMHSA:~/bashscript$ chmod 776 welcome.sh
neethu@LAPTOP-B2SMMHSA:~/bashscript$ ./welcome.sh
welcome to shell scripting
neethu 123
neethu@LAPTOP-B2SMMHSA:~/bashscript$ nano hello.sh
neethu@LAPTOP-B2SMMHSA:~/bashscript$ chmod 776 hello.sh
neethu@LAPTOP-B2SMMHSA:~/bashscript$ ./hello.sh 1 2 3 4 5 6 7 8 9 10
the first arg is 1
the arg is 2
the arg is 3
the arg is 4
the arg is 5
the arg is 6
the arg is 7
the arg is 8
the arg is 9
the arg is 10
neethu@LAPTOP-B2SMMHSA:~/bashscript$ nano ifelse.sh
neethu@LAPTOP-B2SMMHSA:~/bashscript$ chmod 776 ifelse.sh
neethu@LAPTOP-B2SMMHSA:~/bashscript$ ./ifelse.sh
enter a pet animal
cat
I love cats
neethu@LAPTOP-B2SMMHSA:~/bashscript$ ./ifelse.sh
enter a pet animal
dog
I like dog
neethu@LAPTOP-B2SMMHSA:~/bashscript$ nano ifelse.sh
neethu@LAPTOP-B2SMMHSA:~/bashscript$ nano ifelsif.sh
neethu@LAPTOP-B2SMMHSA:~/bashscript$ chmod 776 ifelsif.sh
neethu@LAPTOP-B2SMMHSA:~/bashscript$ ./ifelsif.sh
enter a pet animal
cow
I like cow
neethu@LAPTOP-B2SMMHSA:~/bashscript$ ./ifelsif.sh
enter a pet animal
dog
I love dog
neethu@LAPTOP-B2SMMHSA:~/bashscript$ ./ifelsif.sh
enter a pet animal
cat
I love cats
neethu@LAPTOP-B2SMMHSA:~/bashscript$ nano loop.sh
neethu@LAPTOP-B2SMMHSA:~/bashscript$ chmod 776 loop.sh
neethu@LAPTOP-B2SMMHSA:~/bashscript$ ./loop.sh
./loop.sh: line 4: echoenter some no: command not found
^C
neethu@LAPTOP-B2SMMHSA:~/bashscript$ nano loop.sh
neethu@LAPTOP-B2SMMHSA:~/bashscript$ ./loop.sh
enter some no
10
welcome 1 time 10
enter some no
3
welcome 2 time 3
enter some no
6
welcome 3 time 6
enter some no
7
welcome 4 time 7
neethu@LAPTOP-B2SMMHSA:~/bashscript$ nano array.sh
neethu@LAPTOP-B2SMMHSA:~/bashscript$ chmod 776 array.sh
neethu@LAPTOP-B2SMMHSA:~/bashscript$ ./array.sh
state Andra pradesh[@]}
neethu@LAPTOP-B2SMMHSA:~/bashscript$ nano array.sh
neethu@LAPTOP-B2SMMHSA:~/bashscript$ ./array.sh
state Andra pradesh
state Kerala
state Tamil Nadu
neethu@LAPTOP-B2SMMHSA:~/bashscript$ nano function.sh
neethu@LAPTOP-B2SMMHSA:~/bashscript$ chmod 776 function.sh
neethu@LAPTOP-B2SMMHSA:~/bashscript$ ./function.sh
function with argument
hi,
hello,
neethu@LAPTOP-B2SMMHSA:~/bashscript$ bash -x ./function.sh
+ hellofun
+ echo 'function with argument'
function with argument
+ echo hi,
hi,
+ echo hello,
hello,
neethu@LAPTOP-B2SMMHSA:~/bashscript$ nano color.sh
neethu@LAPTOP-B2SMMHSA:~/bashscript$ chmod 776 color.sh
neethu@LAPTOP-B2SMMHSA:~/bashscript$ ./color.sh
 this is red text
default color text
neethu@LAPTOP-B2SMMHSA:~/bashscript$ nano color.sh
neethu@LAPTOP-B2SMMHSA:~/bashscript$ ./color.sh
 this is red text
default color text
neethu@LAPTOP-B2SMMHSA:~/bashscript$ nano color.sh
neethu@LAPTOP-B2SMMHSA:~/bashscript$ ./color.sh
 this is red text
 this is yellow text
 this is blue text
default color text
neethu@LAPTOP-B2SMMHSA:~/bashscript$ ls
array.sh  color.sh  function.sh  hello.sh  ifelse.sh  ifelsif.sh  loop.sh  welcome.sh  welcome.txt
neethu@LAPTOP-B2SMMHSA:~/bashscript$ cat array.sh
#!/bin/bash
states=("Andra pradesh" "Kerala" "Tamil Nadu")
for i in "${states[@]}"
        do
                echo "state $i"
        done
neethu@LAPTOP-B2SMMHSA:~/bashscript$ cat color.sh
#!/bin/bash
echo -e "\e[0;31m this is red text \e[0m"
echo -e "\e[0;33m this is yellow text \e[0m"
echo -e "\e[0;34m this is blue text \e[0m"
echo "default color text"
neethu@LAPTOP-B2SMMHSA:~/bashscript$ cat function.sh
#!/bin/bash
hellofun(){
        echo "function with argument"
        echo "hi,$1"
        echo "hello,$2"
}
hellofun $1 $2

neethu@LAPTOP-B2SMMHSA:~/bashscript$ cat hello.sh
#!/bin/bash
echo the first arg is $1
echo the arg is $2
echo the arg is $3
echo the arg is $4
echo the arg is $5
echo the arg is $6
echo the arg is $7
echo the arg is $8
echo the arg is $9
echo the arg is ${10}
neethu@LAPTOP-B2SMMHSA:~/bashscript$ cat ifelse.sh
#!/bin/bash
echo enter a pet animal
read animal
if [ $animal = cat ]
        then echo "I love cats"
        else echo "I like $animal"
fi
neethu@LAPTOP-B2SMMHSA:~/bashscript$ cat ifelsif.sh
#!/bin/bash
echo enter a pet animal
read animal
if [ $animal = cat ]
        then echo "I love cats"
elif [ $animal = dog ]
        then echo "I love dog"
        else echo "I like $animal"
fi
neethu@LAPTOP-B2SMMHSA:~/bashscript$ cat loop.sh
#!/bin/bash
for((c=1;c<5;c++))
do
        echo "enter some no"
        read no
        echo "welcome $c time $no"
done
neethu@LAPTOP-B2SMMHSA:~/bashscript$ cat welcome.sh
#!/bin/bash
echo "welcome to shell scripting"
name=neethu
no=123
echo $name $no


neethu@LAPTOP-B2SMMHSA:~/bashscript$ cd
neethu@LAPTOP-B2SMMHSA:~$ ansible -h
usage: ansible [-h] [--version] [-v] [-b] [--become-method BECOME_METHOD] [--become-user BECOME_USER]
               [-K | --become-password-file BECOME_PASSWORD_FILE] [-i INVENTORY] [--list-hosts] [-l SUBSET]
               [-P POLL_INTERVAL] [-B SECONDS] [-o] [-t TREE] [--private-key PRIVATE_KEY_FILE] [-u REMOTE_USER]
               [-c CONNECTION] [-T TIMEOUT] [--ssh-common-args SSH_COMMON_ARGS] [--sftp-extra-args SFTP_EXTRA_ARGS]
               [--scp-extra-args SCP_EXTRA_ARGS] [--ssh-extra-args SSH_EXTRA_ARGS]
               [-k | --connection-password-file CONNECTION_PASSWORD_FILE] [-C] [--syntax-check] [-D] [-e EXTRA_VARS]
               [--vault-id VAULT_IDS] [--ask-vault-password | --vault-password-file VAULT_PASSWORD_FILES] [-f FORKS]
               [-M MODULE_PATH] [--playbook-dir BASEDIR] [--task-timeout TASK_TIMEOUT] [-a MODULE_ARGS]
               [-m MODULE_NAME]
               pattern

Define and run a single task 'playbook' against a set of hosts

positional arguments:
  pattern               host pattern

optional arguments:
  --ask-vault-password, --ask-vault-pass
                        ask for vault password
  --become-password-file BECOME_PASSWORD_FILE, --become-pass-file BECOME_PASSWORD_FILE
                        Become password file
  --connection-password-file CONNECTION_PASSWORD_FILE, --conn-pass-file CONNECTION_PASSWORD_FILE
                        Connection password file
  --list-hosts          outputs a list of matching hosts; does not execute anything else
  --playbook-dir BASEDIR
                        Since this tool does not use playbooks, use this as a substitute playbook directory.This sets
                        the relative path for many features including roles/ group_vars/ etc.
  --syntax-check        perform a syntax check on the playbook, but do not execute it
  --task-timeout TASK_TIMEOUT
                        set task timeout limit in seconds, must be positive integer.
  --vault-id VAULT_IDS  the vault identity to use
  --vault-password-file VAULT_PASSWORD_FILES, --vault-pass-file VAULT_PASSWORD_FILES
                        vault password file
  --version             show program's version number, config file location, configured module search path, module
                        location, executable location and exit
  -B SECONDS, --background SECONDS
                        run asynchronously, failing after X seconds (default=N/A)
  -C, --check           don't make any changes; instead, try to predict some of the changes that may occur
  -D, --diff            when changing (small) files and templates, show the differences in those files; works great
                        with --check
  -K, --ask-become-pass
                        ask for privilege escalation password
  -M MODULE_PATH, --module-path MODULE_PATH
                        prepend colon-separated path(s) to module library
                        (default=~/.ansible/plugins/modules:/usr/share/ansible/plugins/modules)
  -P POLL_INTERVAL, --poll POLL_INTERVAL
                        set the poll interval if using -B (default=15)
  -a MODULE_ARGS, --args MODULE_ARGS
                        The action's options in space separated k=v format: -a 'opt1=val1 opt2=val2'
  -e EXTRA_VARS, --extra-vars EXTRA_VARS
                        set additional variables as key=value or YAML/JSON, if filename prepend with @
  -f FORKS, --forks FORKS
                        specify number of parallel processes to use (default=5)
  -h, --help            show this help message and exit
  -i INVENTORY, --inventory INVENTORY, --inventory-file INVENTORY
                        specify inventory host path or comma separated host list. --inventory-file is deprecated
  -k, --ask-pass        ask for connection password
  -l SUBSET, --limit SUBSET
                        further limit selected hosts to an additional pattern
  -m MODULE_NAME, --module-name MODULE_NAME
                        Name of the action to execute (default=command)
  -o, --one-line        condense output
  -t TREE, --tree TREE  log output to this directory
  -v, --verbose         verbose mode (-vvv for more, -vvvv to enable connection debugging)

Privilege Escalation Options:
  control how and which user you become as on target hosts

  --become-method BECOME_METHOD
                        privilege escalation method to use (default=sudo), use `ansible-doc -t become -l` to list
                        valid choices.
  --become-user BECOME_USER
                        run operations as this user (default=root)
  -b, --become          run operations with become (does not imply password prompting)

Connection Options:
  control as whom and how to connect to hosts

  --private-key PRIVATE_KEY_FILE, --key-file PRIVATE_KEY_FILE
                        use this file to authenticate the connection
  --scp-extra-args SCP_EXTRA_ARGS
                        specify extra arguments to pass to scp only (e.g. -l)
  --sftp-extra-args SFTP_EXTRA_ARGS
                        specify extra arguments to pass to sftp only (e.g. -f, -l)
  --ssh-common-args SSH_COMMON_ARGS
                        specify common arguments to pass to sftp/scp/ssh (e.g. ProxyCommand)
  --ssh-extra-args SSH_EXTRA_ARGS
                        specify extra arguments to pass to ssh only (e.g. -R)
  -T TIMEOUT, --timeout TIMEOUT
                        override the connection timeout in seconds (default=10)
  -c CONNECTION, --connection CONNECTION
                        connection type to use (default=smart)
  -u REMOTE_USER, --user REMOTE_USER
                        connect as this user (default=None)

Some actions do not make sense in Ad-Hoc (include, meta, etc)
neethu@LAPTOP-B2SMMHSA:~$ ansible --version
ansible [core 2.12.1]
  config file = /etc/ansible/ansible.cfg
  configured module search path = ['/home/neethu/.ansible/plugins/modules', '/usr/share/ansible/plugins/modules']
  ansible python module location = /usr/lib/python3/dist-packages/ansible
  ansible collection location = /home/neethu/.ansible/collections:/usr/share/ansible/collections
  executable location = /usr/bin/ansible
  python version = 3.8.10 (default, Jun  2 2021, 10:49:15) [GCC 9.4.0]
  jinja version = 2.10.1
  libyaml = True
neethu@LAPTOP-B2SMMHSA:~$ ansible-galaxy -h
usage: ansible-galaxy [-h] [--version] [-v] TYPE ...

Perform various Role and Collection related operations.

positional arguments:
  TYPE
    collection   Manage an Ansible Galaxy collection.
    role         Manage an Ansible Galaxy role.

optional arguments:
  --version      show program's version number, config file location, configured module search path, module location,
                 executable location and exit
  -h, --help     show this help message and exit
  -v, --verbose  verbose mode (-vvv for more, -vvvv to enable connection debugging)
neethu@LAPTOP-B2SMMHSA:~$ ansible-galaxy init --force --offline neethurole
- Role neethurole was created successfully
neethu@LAPTOP-B2SMMHSA:~$ tree neethurole/
neethurole/
├── README.md
├── defaults
│   └── main.yml
├── files
├── handlers
│   └── main.yml
├── meta
│   └── main.yml
├── tasks
│   └── main.yml
├── templates
├── tests
│   ├── inventory
│   └── test.yml
└── vars
    └── main.yml

8 directories, 8 files
neethu@LAPTOP-B2SMMHSA:~$ cd \neethurole
neethu@LAPTOP-B2SMMHSA:~/neethurole$ ls
README.md  defaults  files  handlers  meta  tasks  templates  tests  vars
neethu@LAPTOP-B2SMMHSA:~/neethurole$ cd

neethu@LAPTOP-B2SMMHSA:~$ mkdir neethu_playbook
neethu@LAPTOP-B2SMMHSA:~$ cd neethu_playbook
neethu@LAPTOP-B2SMMHSA:~/neethu_playbook$ nano neethu_orchestrate.yml
neethu@LAPTOP-B2SMMHSA:~/neethu_playbook$ ansible-galaxy init --force --offline install-tomcat
- Role install-tomcat was created successfully
neethu@LAPTOP-B2SMMHSA:~/neethu_playbook$ ansible-galaxy init --force --offline start-tomcat
- Role start-tomcat was created successfully
neethu@LAPTOP-B2SMMHSA:~/neethu_playbook$ cd install-tomcat
neethu@LAPTOP-B2SMMHSA:~/neethu_playbook/install-tomcat$ cd tasks
neethu@LAPTOP-B2SMMHSA:~/neethu_playbook/install-tomcat/tasks$ ls
main.yml
neethu@LAPTOP-B2SMMHSA:~/neethu_playbook/install-tomcat/tasks$ nano main.yml
neethu@LAPTOP-B2SMMHSA:~/neethu_playbook/install-tomcat/tasks$ cd ..
neethu@LAPTOP-B2SMMHSA:~/neethu_playbook/install-tomcat$ cd ..
neethu@LAPTOP-B2SMMHSA:~/neethu_playbook$ cd start-tomcat
neethu@LAPTOP-B2SMMHSA:~/neethu_playbook/start-tomcat$ cd tasks
neethu@LAPTOP-B2SMMHSA:~/neethu_playbook/start-tomcat/tasks$ nano main.yml
neethu@LAPTOP-B2SMMHSA:~/neethu_playbook/start-tomcat/tasks$ cd ../..
neethu@LAPTOP-B2SMMHSA:~/neethu_playbook$ sudo ansible-playbook -i hosts neethu_orchestrate.yml -vvv
[sudo] password for neethu:
ansible-playbook [core 2.12.1]
  config file = /etc/ansible/ansible.cfg
  configured module search path = ['/root/.ansible/plugins/modules', '/usr/share/ansible/plugins/modules']
  ansible python module location = /usr/lib/python3/dist-packages/ansible
  ansible collection location = /root/.ansible/collections:/usr/share/ansible/collections
  executable location = /usr/bin/ansible-playbook
  python version = 3.8.10 (default, Jun  2 2021, 10:49:15) [GCC 9.4.0]
  jinja version = 2.10.1
  libyaml = True
Using /etc/ansible/ansible.cfg as config file
host_list declined parsing /home/neethu/neethu_playbook/hosts as it did not pass its verify_file() method
Skipping due to inventory source not existing or not being readable by the current user
script declined parsing /home/neethu/neethu_playbook/hosts as it did not pass its verify_file() method
auto declined parsing /home/neethu/neethu_playbook/hosts as it did not pass its verify_file() method
Skipping due to inventory source not existing or not being readable by the current user
yaml declined parsing /home/neethu/neethu_playbook/hosts as it did not pass its verify_file() method
Skipping due to inventory source not existing or not being readable by the current user
ini declined parsing /home/neethu/neethu_playbook/hosts as it did not pass its verify_file() method
Skipping due to inventory source not existing or not being readable by the current user
toml declined parsing /home/neethu/neethu_playbook/hosts as it did not pass its verify_file() method
[WARNING]: Unable to parse /home/neethu/neethu_playbook/hosts as an inventory source
[WARNING]: No inventory was parsed, only implicit localhost is available
[WARNING]: provided hosts list is empty, only localhost is available. Note that the implicit localhost does not match
'all'
